{
  "id": "Criterion <VERSION>",
  "passed": 6,
  "failed": 2,
  "errored": 0,
  "skipped": 0,
  "test_suites": [
    {
      "name": "asserts",
      "passed": 6,
      "failed": 2,
      "errored": 0,
      "skipped": 0,
      "tests": [
        {
          "name": "wstring",
          "assertions": 0,
          "status": "PASSED"
        },
        {
          "name": "string",
          "assertions": 0,
          "status": "PASSED"
        },
        {
          "name": "stream",
          "assertions": 0,
          "status": "PASSED"
        },
        {
          "name": "old_school",
          "assertions": 2,
          "status": "FAILED",
          "messages": [
            "asserts.c:19: (null)",
            "asserts.c:18: You can fail an assertion with a message from anywhere"
          ]
        },
        {
          "name": "native",
          "assertions": 0,
          "status": "PASSED"
        },
        {
          "name": "float",
          "assertions": 0,
          "status": "PASSED"
        },
        {
          "name": "base",
          "assertions": 2,
          "status": "FAILED",
          "messages": [
            "asserts.c:13: This assert runs",
            "asserts.c:12: assert is fatal, expect isn't"
          ]
        },
        {
          "name": "array",
          "assertions": 0,
          "status": "PASSED"
        }
      ]
    }
  ]
}
