{
  "id": "Criterion <VERSION>",
  "passed": 0,
  "failed": 1,
  "errored": 0,
  "skipped": 1,
  "test_suites": [
    {
      "name": "misc",
      "passed": 0,
      "failed": 1,
      "errored": 0,
      "skipped": 1,
      "tests": [
        {
          "name": "skipped",
          "assertions": 0,
          "status": "SKIPPED",
          "messages": ["The test was skipped."]
        },
        {
          "name": "failing",
          "assertions": 1,
          "status": "FAILED",
          "messages": [
            "<SOURCE-FILE>:4: The expression 0 is false."
          ]
        }
      ]
    }
  ]
}
