<?xml version="1.0" encoding="UTF-8"?>
<!-- Tests compiled with Criterion <VERSION> -->
<testsuites name="Criterion Tests" tests="9" failures="3" errors="0" disabled="0">
  <testsuite name="asserts" tests="9" failures="3" errors="0" disabled="0" skipped="0" time="<TIME>">
    <testcase name="wstring" assertions="0" status="PASSED" time="<TIME>">
    </testcase>
    <testcase name="string" assertions="0" status="PASSED" time="<TIME>">
    </testcase>
    <testcase name="stream" assertions="0" status="PASSED" time="<TIME>">
    </testcase>
    <testcase name="old_school" assertions="2" status="FAILED" time="<TIME>">
      <failure type="assert" message="2 assertion(s) failed."><![CDATA[asserts.cc:22: ]]>&#10;<![CDATA[asserts.cc:21: You can fail an assertion with a message from anywhere]]>&#10;</failure>
    </testcase>
    <testcase name="native" assertions="0" status="PASSED" time="<TIME>">
    </testcase>
    <testcase name="float" assertions="0" status="PASSED" time="<TIME>">
    </testcase>
    <testcase name="exception" assertions="2" status="FAILED" time="<TIME>">
      <failure type="assert" message="2 assertion(s) failed."><![CDATA[asserts.cc:169: ]]>&#10;<![CDATA[asserts.cc:167: ]]>&#10;</failure>
    </testcase>
    <testcase name="base" assertions="2" status="FAILED" time="<TIME>">
      <failure type="assert" message="2 assertion(s) failed."><![CDATA[asserts.cc:16: This assert runs]]>&#10;<![CDATA[asserts.cc:15: assert is fatal, expect isn't]]>&#10;</failure>
    </testcase>
    <testcase name="array" assertions="0" status="PASSED" time="<TIME>">
    </testcase>
  </testsuite>
</testsuites>
