<?xml version="1.0" encoding="UTF-8"?>
<!-- Tests compiled with Criterion <VERSION> -->
<testsuites name="Criterion Tests" tests="1" failures="1" errors="0" disabled="0">
  <testsuite name="sample" tests="1" failures="1" errors="0" disabled="0" skipped="0" time="<TIME>">
    <testcase name="long_msg" assertions="1" status="FAILED" time="<TIME>">
      <failure type="assert" message="1 assertion(s) failed."><![CDATA[long-messages.cc:4: This is]]>&#10;        A long message&#10;        Spawning multiple lines.&#10;        Formatting is respected.&#10;</failure>
    </testcase>
  </testsuite>
</testsuites>
