<?xml version="1.0" encoding="UTF-8"?>
<!-- Tests compiled with Criterion <VERSION> -->
<testsuites name="Criterion Tests" tests="3" failures="2" errors="1" disabled="0">
  <testsuite name="simple" tests="3" failures="2" errors="1" disabled="0" skipped="0" time="<TIME>">
    <testcase name="wrong_signal" assertions="0" status="FAILED" time="<TIME>">
      <failure type="assert" message="0 assertion(s) failed."></failure>
    </testcase>
    <testcase name="uncaught" assertions="0" status="ERRORED" time="<TIME>">
      <error type="crash" message="The test crashed." />    </testcase>
    <testcase name="caught" assertions="0" status="PASSED" time="<TIME>">
    </testcase>
  </testsuite>
</testsuites>
