[----] Criterion <VERSION>
[====] Running 1 test from logging:
[RUN ] logging::stream
[----] This is an informational message. They are not displayed by default.
[WARN] This is a warning. They indicate some possible malfunction or misconfiguration in the test.
[ERR ] This is an error. They indicate serious problems and are usually shown before the test is aborted.
[PASS] logging::stream
[====] Synthesis: Tested: 1 | Passing: 1 | Failing: 0 | Crashing: 0 
