TAP version 13
1..2
# Criterion <VERSION>
#
# Running 2 tests from misc
ok - misc::skipped This one is skipped # SKIP test was skipped
not ok - misc::failing Just a failing test
  ---
  assertions: 1
  failures:
  - description.c:4: |+
      Assertion failed: The expression 0 is false.
  ...
