TAP version 13
1..3
# Criterion <VERSION>
#
# Running 3 tests from simple
not ok - simple::wrong_signal 
  ---
  assertions: 0
  failures:
  ...
not ok - simple::uncaught unexpected signal after signal.cc:14
ok - simple::caught 
