params: 4 tests
|-- cleanup
|-- multiple
|-- simple
`-- string
