[----] Criterion <VERSION>
[====] Running 4 tests from params:
[RUN ] params::cleanup
[----] parameterized.c:79: Assertion Failed
[----]   
[----]   Parameters: (1, 2.000000)
[----]   
[FAIL] params::cleanup
[RUN ] params::cleanup
[----] parameterized.c:79: Assertion Failed
[----]   
[----]   Parameters: (3, 4.000000)
[----]   
[FAIL] params::cleanup
[RUN ] params::cleanup
[----] parameterized.c:79: Assertion Failed
[----]   
[----]   Parameters: (5, 6.000000)
[----]   
[FAIL] params::cleanup
[RUN ] params::multiple
[----] parameterized.c:35: Assertion Failed
[----]   
[----]   Parameters: (1, 2.000000)
[----]   
[FAIL] params::multiple
[RUN ] params::multiple
[----] parameterized.c:35: Assertion Failed
[----]   
[----]   Parameters: (3, 4.000000)
[----]   
[FAIL] params::multiple
[RUN ] params::multiple
[----] parameterized.c:35: Assertion Failed
[----]   
[----]   Parameters: (5, 6.000000)
[----]   
[FAIL] params::multiple
[RUN ] params::simple
[----] parameterized.c:14: Assertion Failed
[----]   
[----]   Parameter: 1
[----]   
[FAIL] params::simple
[RUN ] params::simple
[----] parameterized.c:14: Assertion Failed
[----]   
[----]   Parameter: 2
[----]   
[FAIL] params::simple
[RUN ] params::simple
[----] parameterized.c:14: Assertion Failed
[----]   
[----]   Parameter: 3
[----]   
[FAIL] params::simple
[RUN ] params::string
[----] parameterized.c:113: Assertion Failed
[----]   
[----]   string: Hello
[----]   
[FAIL] params::string
[RUN ] params::string
[----] parameterized.c:113: Assertion Failed
[----]   
[----]   string: World
[----]   
[FAIL] params::string
[====] Synthesis: Tested: 11 | Passing: 0 | Failing: 11 | Crashing: 0 
