[----] parameterized.cc:72: Assertion Failed
[----]   
[----]   Parameters: (1, 2.000000)
[----]   
[FAIL] params::cleanup
[----] parameterized.cc:72: Assertion Failed
[----]   
[----]   Parameters: (3, 4.000000)
[----]   
[FAIL] params::cleanup
[----] parameterized.cc:72: Assertion Failed
[----]   
[----]   Parameters: (5, 6.000000)
[----]   
[FAIL] params::cleanup
[----] parameterized.cc:34: Assertion Failed
[----]   
[----]   Parameters: (1, 2.000000)
[----]   
[FAIL] params::multiple
[----] parameterized.cc:34: Assertion Failed
[----]   
[----]   Parameters: (3, 4.000000)
[----]   
[FAIL] params::multiple
[----] parameterized.cc:34: Assertion Failed
[----]   
[----]   Parameters: (5, 6.000000)
[----]   
[FAIL] params::multiple
[----] parameterized.cc:13: Assertion Failed
[----]   
[----]   Parameter: 1
[----]   
[FAIL] params::simple
[----] parameterized.cc:13: Assertion Failed
[----]   
[----]   Parameter: 2
[----]   
[FAIL] params::simple
[----] parameterized.cc:13: Assertion Failed
[----]   
[----]   Parameter: 3
[----]   
[FAIL] params::simple
[----] parameterized.cc:92: Assertion Failed
[----]   
[----]   string: Hello
[----]   
[FAIL] params::string
[----] parameterized.cc:92: Assertion Failed
[----]   
[----]   string: World
[----]   
[FAIL] params::string
[====] Synthesis: Tested: 11 | Passing: 0 | Failing: 11 | Crashing: 0 
